// Jest Snapshot v1, https://goo.gl/fbAQLP

exports[`single article delete should render article view component 1`] = `
ShallowWrapper {
  Symbol(enzyme.__root__): [Circular],
  Symbol(enzyme.__unrendered__): <ArticleDelete
    article={
      Object {
        "article": Object {
          "article": Object {
            "author": Object {
              "bio": "i have abio",
              "image": "hshhshs",
              "username": "nesh",
            },
            "body": "gsgsgsg",
            "created_at": "01-01-2019",
            "description": "some stuff",
            "dislikes": 1,
            "displiked": false,
            "is_reported": false,
            "liked": false,
            "likes": 2,
            "slug": "my-article",
            "title": "my article",
          },
        },
      }
    }
    auth={
      Object {
        "isAuthenticated": true,
        "user": Object {
          "username": "nesh",
        },
      }
    }
    deleteAction={[MockFunction]}
    deleteArticles={[MockFunction]}
    history={
      Object {
        "push": [MockFunction],
      }
    }
    match={
      Object {
        "params": Object {
          "slug": "my-article",
        },
      }
    }
    ownerDelete={[MockFunction]}
  />,
  Symbol(enzyme.__renderer__): Object {
    "batchedUpdates": [Function],
    "checkPropTypes": [Function],
    "getNode": [Function],
    "render": [Function],
    "simulateError": [Function],
    "simulateEvent": [Function],
    "unmount": [Function],
  },
  Symbol(enzyme.__node__): Object {
    "instance": null,
    "key": undefined,
    "nodeType": "host",
    "props": Object {
      "children": <div
        className="container"
      >
        <p>
          <button
            className="danger"
            onClick={[Function]}
          >
            Delete
          </button>
        </p>
      </div>,
    },
    "ref": null,
    "rendered": Object {
      "instance": null,
      "key": undefined,
      "nodeType": "host",
      "props": Object {
        "children": <p>
          <button
            className="danger"
            onClick={[Function]}
          >
            Delete
          </button>
        </p>,
        "className": "container",
      },
      "ref": null,
      "rendered": Object {
        "instance": null,
        "key": undefined,
        "nodeType": "host",
        "props": Object {
          "children": <button
            className="danger"
            onClick={[Function]}
          >
            Delete
          </button>,
        },
        "ref": null,
        "rendered": Object {
          "instance": null,
          "key": undefined,
          "nodeType": "host",
          "props": Object {
            "children": "Delete",
            "className": "danger",
            "onClick": [Function],
          },
          "ref": null,
          "rendered": "Delete",
          "type": "button",
        },
        "type": "p",
      },
      "type": "div",
    },
    "type": "div",
  },
  Symbol(enzyme.__nodes__): Array [
    Object {
      "instance": null,
      "key": undefined,
      "nodeType": "host",
      "props": Object {
        "children": <div
          className="container"
        >
          <p>
            <button
              className="danger"
              onClick={[Function]}
            >
              Delete
            </button>
          </p>
        </div>,
      },
      "ref": null,
      "rendered": Object {
        "instance": null,
        "key": undefined,
        "nodeType": "host",
        "props": Object {
          "children": <p>
            <button
              className="danger"
              onClick={[Function]}
            >
              Delete
            </button>
          </p>,
          "className": "container",
        },
        "ref": null,
        "rendered": Object {
          "instance": null,
          "key": undefined,
          "nodeType": "host",
          "props": Object {
            "children": <button
              className="danger"
              onClick={[Function]}
            >
              Delete
            </button>,
          },
          "ref": null,
          "rendered": Object {
            "instance": null,
            "key": undefined,
            "nodeType": "host",
            "props": Object {
              "children": "Delete",
              "className": "danger",
              "onClick": [Function],
            },
            "ref": null,
            "rendered": "Delete",
            "type": "button",
          },
          "type": "p",
        },
        "type": "div",
      },
      "type": "div",
    },
  ],
  Symbol(enzyme.__options__): Object {
    "adapter": ReactSixteenAdapter {
      "options": Object {
        "enableComponentDidUpdateOnSetState": true,
        "legacyContextMode": "parent",
        "lifecycles": Object {
          "componentDidUpdate": Object {
            "onSetState": true,
          },
          "getChildContext": Object {
            "calledByRenderer": false,
          },
          "getDerivedStateFromProps": true,
          "getSnapshotBeforeUpdate": true,
          "setState": Object {
            "skipsComponentDidUpdateOnNullish": true,
          },
        },
      },
    },
  },
  Symbol(enzyme.__childContext__): null,
}
`;
