// Jest Snapshot v1, https://goo.gl/fbAQLP

exports[`BookmarkArticle should render the bookmark icon component 1`] = `
ShallowWrapper {
  Symbol(enzyme.__root__): [Circular],
  Symbol(enzyme.__unrendered__): <BookmarkArticle
    allbookmarks={Object {}}
    article={
      Object {
        "article": Object {
          "article": Object {
            "slug": "mara-pap",
          },
        },
      }
    }
    bookmark={Object {}}
    bookmarkArticle={[MockFunction]}
    getBookmarkArticles={
      [MockFunction] {
        "calls": Array [
          Array [],
          Array [],
        ],
        "results": Array [
          Object {
            "isThrow": false,
            "value": undefined,
          },
          Object {
            "isThrow": false,
            "value": undefined,
          },
        ],
      }
    }
  />,
  Symbol(enzyme.__renderer__): Object {
    "batchedUpdates": [Function],
    "checkPropTypes": [Function],
    "getNode": [Function],
    "render": [Function],
    "simulateError": [Function],
    "simulateEvent": [Function],
    "unmount": [Function],
  },
  Symbol(enzyme.__node__): Object {
    "instance": null,
    "key": undefined,
    "nodeType": "host",
    "props": Object {
      "children": <i
        className="fas fa-2x fa-bookmark"
        onClick={[Function]}
        style={
          Object {
            "color": "#cfcfd1",
            "height": "100px",
          }
        }
      />,
      "className": "likebuttons",
      "id": "bookmark",
    },
    "ref": null,
    "rendered": Object {
      "instance": null,
      "key": undefined,
      "nodeType": "host",
      "props": Object {
        "className": "fas fa-2x fa-bookmark",
        "onClick": [Function],
        "style": Object {
          "color": "#cfcfd1",
          "height": "100px",
        },
      },
      "ref": null,
      "rendered": null,
      "type": "i",
    },
    "type": "div",
  },
  Symbol(enzyme.__nodes__): Array [
    Object {
      "instance": null,
      "key": undefined,
      "nodeType": "host",
      "props": Object {
        "children": <i
          className="fas fa-2x fa-bookmark"
          onClick={[Function]}
          style={
            Object {
              "color": "#cfcfd1",
              "height": "100px",
            }
          }
        />,
        "className": "likebuttons",
        "id": "bookmark",
      },
      "ref": null,
      "rendered": Object {
        "instance": null,
        "key": undefined,
        "nodeType": "host",
        "props": Object {
          "className": "fas fa-2x fa-bookmark",
          "onClick": [Function],
          "style": Object {
            "color": "#cfcfd1",
            "height": "100px",
          },
        },
        "ref": null,
        "rendered": null,
        "type": "i",
      },
      "type": "div",
    },
  ],
  Symbol(enzyme.__options__): Object {
    "adapter": ReactSixteenAdapter {
      "options": Object {
        "enableComponentDidUpdateOnSetState": true,
        "legacyContextMode": "parent",
        "lifecycles": Object {
          "componentDidUpdate": Object {
            "onSetState": true,
          },
          "getChildContext": Object {
            "calledByRenderer": false,
          },
          "getDerivedStateFromProps": true,
          "getSnapshotBeforeUpdate": true,
          "setState": Object {
            "skipsComponentDidUpdateOnNullish": true,
          },
        },
      },
    },
  },
  Symbol(enzyme.__childContext__): null,
}
`;
