// Jest Snapshot v1, https://goo.gl/fbAQLP

exports[`get profile should render article view component 1`] = `
ShallowWrapper {
  Symbol(enzyme.__root__): [Circular],
  Symbol(enzyme.__unrendered__): <Profile
    auth={
      Object {
        "isAuthenticated": true,
        "user": Object {
          "username": "nesh",
        },
      }
    }
    getUserProfile={[Function]}
    match={
      Object {
        "params": Object {
          "username": "nesh",
        },
      }
    }
    profile={
      Object {
        "profile": Object {},
      }
    }
  />,
  Symbol(enzyme.__renderer__): Object {
    "batchedUpdates": [Function],
    "checkPropTypes": [Function],
    "getNode": [Function],
    "render": [Function],
    "simulateError": [Function],
    "simulateEvent": [Function],
    "unmount": [Function],
  },
  Symbol(enzyme.__node__): Object {
    "instance": null,
    "key": undefined,
    "nodeType": "host",
    "props": Object {
      "children": <Row>
        <Col
          s={12}
        >
          <Preloader
            active={true}
            color="blue"
            flashing={false}
            size="big"
          />
        </Col>
      </Row>,
    },
    "ref": null,
    "rendered": Object {
      "instance": null,
      "key": undefined,
      "nodeType": "function",
      "props": Object {
        "children": <Col
          s={12}
        >
          <Preloader
            active={true}
            color="blue"
            flashing={false}
            size="big"
          />
        </Col>,
      },
      "ref": null,
      "rendered": Object {
        "instance": null,
        "key": undefined,
        "nodeType": "class",
        "props": Object {
          "children": <Preloader
            active={true}
            color="blue"
            flashing={false}
            size="big"
          />,
          "s": 12,
        },
        "ref": null,
        "rendered": Object {
          "instance": null,
          "key": undefined,
          "nodeType": "class",
          "props": Object {
            "active": true,
            "color": "blue",
            "flashing": false,
            "size": "big",
          },
          "ref": null,
          "rendered": null,
          "type": [Function],
        },
        "type": [Function],
      },
      "type": [Function],
    },
    "type": "div",
  },
  Symbol(enzyme.__nodes__): Array [
    Object {
      "instance": null,
      "key": undefined,
      "nodeType": "host",
      "props": Object {
        "children": <Row>
          <Col
            s={12}
          >
            <Preloader
              active={true}
              color="blue"
              flashing={false}
              size="big"
            />
          </Col>
        </Row>,
      },
      "ref": null,
      "rendered": Object {
        "instance": null,
        "key": undefined,
        "nodeType": "function",
        "props": Object {
          "children": <Col
            s={12}
          >
            <Preloader
              active={true}
              color="blue"
              flashing={false}
              size="big"
            />
          </Col>,
        },
        "ref": null,
        "rendered": Object {
          "instance": null,
          "key": undefined,
          "nodeType": "class",
          "props": Object {
            "children": <Preloader
              active={true}
              color="blue"
              flashing={false}
              size="big"
            />,
            "s": 12,
          },
          "ref": null,
          "rendered": Object {
            "instance": null,
            "key": undefined,
            "nodeType": "class",
            "props": Object {
              "active": true,
              "color": "blue",
              "flashing": false,
              "size": "big",
            },
            "ref": null,
            "rendered": null,
            "type": [Function],
          },
          "type": [Function],
        },
        "type": [Function],
      },
      "type": "div",
    },
  ],
  Symbol(enzyme.__options__): Object {
    "adapter": ReactSixteenAdapter {
      "options": Object {
        "enableComponentDidUpdateOnSetState": true,
        "legacyContextMode": "parent",
        "lifecycles": Object {
          "componentDidUpdate": Object {
            "onSetState": true,
          },
          "getChildContext": Object {
            "calledByRenderer": false,
          },
          "getDerivedStateFromProps": true,
          "getSnapshotBeforeUpdate": true,
          "setState": Object {
            "skipsComponentDidUpdateOnNullish": true,
          },
        },
      },
    },
  },
  Symbol(enzyme.__childContext__): null,
}
`;
