// Jest Snapshot v1, https://goo.gl/fbAQLP

exports[`get profile should render article view component 1`] = `
ShallowWrapper {
  Symbol(enzyme.__root__): [Circular],
  Symbol(enzyme.__unrendered__): <profile
    auth={
      Object {
        "isAuthenticated": true,
        "user": Object {
          "username": "nesh",
        },
      }
    }
    bio="Bio updated"
    getUserProfile={[Function]}
    image="hssggsgs"
    match={
      Object {
        "params": Object {
          "username": "nesh",
        },
      }
    }
    profile={
      Object {
        "profile": Object {},
      }
    }
  />,
  Symbol(enzyme.__renderer__): Object {
    "batchedUpdates": [Function],
    "checkPropTypes": [Function],
    "getNode": [Function],
    "render": [Function],
    "simulateError": [Function],
    "simulateEvent": [Function],
    "unmount": [Function],
  },
  Symbol(enzyme.__node__): Object {
    "instance": null,
    "key": undefined,
    "nodeType": "host",
    "props": Object {
      "auth": Object {
        "isAuthenticated": true,
        "user": Object {
          "username": "nesh",
        },
      },
      "bio": "Bio updated",
      "getUserProfile": [Function],
      "image": "hssggsgs",
      "match": Object {
        "params": Object {
          "username": "nesh",
        },
      },
      "profile": Object {
        "profile": Object {},
      },
    },
    "ref": null,
    "rendered": null,
    "type": "profile",
  },
  Symbol(enzyme.__nodes__): Array [
    Object {
      "instance": null,
      "key": undefined,
      "nodeType": "host",
      "props": Object {
        "auth": Object {
          "isAuthenticated": true,
          "user": Object {
            "username": "nesh",
          },
        },
        "bio": "Bio updated",
        "getUserProfile": [Function],
        "image": "hssggsgs",
        "match": Object {
          "params": Object {
            "username": "nesh",
          },
        },
        "profile": Object {
          "profile": Object {},
        },
      },
      "ref": null,
      "rendered": null,
      "type": "profile",
    },
  ],
  Symbol(enzyme.__options__): Object {
    "adapter": ReactSixteenAdapter {
      "options": Object {
        "enableComponentDidUpdateOnSetState": true,
        "legacyContextMode": "parent",
        "lifecycles": Object {
          "componentDidUpdate": Object {
            "onSetState": true,
          },
          "getChildContext": Object {
            "calledByRenderer": false,
          },
          "getDerivedStateFromProps": true,
          "getSnapshotBeforeUpdate": true,
          "setState": Object {
            "skipsComponentDidUpdateOnNullish": true,
          },
        },
      },
    },
  },
}
`;
