// Jest Snapshot v1, https://goo.gl/fbAQLP

exports[`followwing ListView should render the follow button 1`] = `
ShallowWrapper {
  Symbol(enzyme.__root__): [Circular],
  Symbol(enzyme.__unrendered__): <FollowingListView
    Following={
      Object {
        "following": Array [],
      }
    }
    auth={
      Object {
        "isAuthenticated": true,
        "user": Object {
          "username": "nesh",
        },
      }
    }
    bio="i have abio"
    followingList={
      [MockFunction] {
        "calls": Array [
          Array [
            "nesh",
          ],
        ],
        "results": Array [
          Object {
            "type": "return",
            "value": undefined,
          },
        ],
      }
    }
    image="hshhshs"
    list={
      Array [
        Object {
          "bio": "i have abio",
          "image": "hshhshs",
          "username": "nesh",
        },
        Object {
          "bio": "i have abio",
          "image": "hshhshs",
          "username": "nesh",
        },
      ]
    }
    match={
      Object {
        "params": Object {
          "username": "nesh",
        },
      }
    }
    username="nesh"
  />,
  Symbol(enzyme.__renderer__): Object {
    "batchedUpdates": [Function],
    "checkPropTypes": [Function],
    "getNode": [Function],
    "render": [Function],
    "simulateError": [Function],
    "simulateEvent": [Function],
    "unmount": [Function],
  },
  Symbol(enzyme.__node__): Object {
    "instance": null,
    "key": undefined,
    "nodeType": "host",
    "props": Object {
      "children": Array [
        <withRouter(Connect(Nav)) />,
        <div
          className="container"
        >
          <h3>
             
            nesh
             follows 
          </h3>
        </div>,
        Array [],
      ],
    },
    "ref": null,
    "rendered": Array [
      Object {
        "instance": null,
        "key": undefined,
        "nodeType": "function",
        "props": Object {},
        "ref": null,
        "rendered": null,
        "type": [Function],
      },
      Object {
        "instance": null,
        "key": undefined,
        "nodeType": "host",
        "props": Object {
          "children": <h3>
             
            nesh
             follows 
          </h3>,
          "className": "container",
        },
        "ref": null,
        "rendered": Object {
          "instance": null,
          "key": undefined,
          "nodeType": "host",
          "props": Object {
            "children": Array [
              " ",
              "nesh",
              " follows ",
            ],
          },
          "ref": null,
          "rendered": Array [
            " ",
            "nesh",
            " follows ",
          ],
          "type": "h3",
        },
        "type": "div",
      },
    ],
    "type": "div",
  },
  Symbol(enzyme.__nodes__): Array [
    Object {
      "instance": null,
      "key": undefined,
      "nodeType": "host",
      "props": Object {
        "children": Array [
          <withRouter(Connect(Nav)) />,
          <div
            className="container"
          >
            <h3>
               
              nesh
               follows 
            </h3>
          </div>,
          Array [],
        ],
      },
      "ref": null,
      "rendered": Array [
        Object {
          "instance": null,
          "key": undefined,
          "nodeType": "function",
          "props": Object {},
          "ref": null,
          "rendered": null,
          "type": [Function],
        },
        Object {
          "instance": null,
          "key": undefined,
          "nodeType": "host",
          "props": Object {
            "children": <h3>
               
              nesh
               follows 
            </h3>,
            "className": "container",
          },
          "ref": null,
          "rendered": Object {
            "instance": null,
            "key": undefined,
            "nodeType": "host",
            "props": Object {
              "children": Array [
                " ",
                "nesh",
                " follows ",
              ],
            },
            "ref": null,
            "rendered": Array [
              " ",
              "nesh",
              " follows ",
            ],
            "type": "h3",
          },
          "type": "div",
        },
      ],
      "type": "div",
    },
  ],
  Symbol(enzyme.__options__): Object {
    "adapter": ReactSixteenAdapter {
      "options": Object {
        "enableComponentDidUpdateOnSetState": true,
        "legacyContextMode": "parent",
        "lifecycles": Object {
          "componentDidUpdate": Object {
            "onSetState": true,
          },
          "getChildContext": Object {
            "calledByRenderer": false,
          },
          "getDerivedStateFromProps": true,
          "getSnapshotBeforeUpdate": true,
          "setState": Object {
            "skipsComponentDidUpdateOnNullish": true,
          },
        },
      },
    },
  },
  Symbol(enzyme.__childContext__): null,
}
`;
