// Jest Snapshot v1, https://goo.gl/fbAQLP

exports[`articleDetail should render correctly 1`] = `
ShallowWrapper {
  Symbol(enzyme.__root__): [Circular],
  Symbol(enzyme.__unrendered__): <articleDetail
    article={
      Object {
        "article": Object {
          "article": Object {
            "author": Object {
              "bio": null,
              "following": null,
              "image": "https://res.cloudinary.com/dadrqjrpw/image/upload/v1550732215/tzpffmzpmsy3lmijpauf.jpg",
              "username": "kwanj",
            },
            "body": "<p>sbsdbb</p>",
            "created_at": "2019-02-28T10:04:42.687397Z",
            "description": "First article from the frontens #theunsullied",
            "disliked": false,
            "dislikes": 0,
            "id": 6,
            "is_reported": false,
            "liked": false,
            "likes": 0,
            "rating": 0,
            "read_time": "1 min read",
            "slug": "how-to-become-a-god-xd0ctx6n",
            "tag_list": Array [
              "kwanj",
            ],
            "title": "how-to-become-a-god",
            "updated_at": "2019-02-28T10:15:29.020191Z",
          },
        },
      }
    }
    auth={
      Object {
        "isAuthenticated": true,
        "user": Object {
          "email": "kwanj@gmail.com",
          "username": "kwanj",
        },
      }
    }
    getArticles={[MockFunction]}
    history={
      Object {
        "push": [MockFunction],
      }
    }
  />,
  Symbol(enzyme.__renderer__): Object {
    "batchedUpdates": [Function],
    "checkPropTypes": [Function],
    "getNode": [Function],
    "render": [Function],
    "simulateError": [Function],
    "simulateEvent": [Function],
    "unmount": [Function],
  },
  Symbol(enzyme.__node__): Object {
    "instance": null,
    "key": undefined,
    "nodeType": "host",
    "props": Object {
      "article": Object {
        "article": Object {
          "article": Object {
            "author": Object {
              "bio": null,
              "following": null,
              "image": "https://res.cloudinary.com/dadrqjrpw/image/upload/v1550732215/tzpffmzpmsy3lmijpauf.jpg",
              "username": "kwanj",
            },
            "body": "<p>sbsdbb</p>",
            "created_at": "2019-02-28T10:04:42.687397Z",
            "description": "First article from the frontens #theunsullied",
            "disliked": false,
            "dislikes": 0,
            "id": 6,
            "is_reported": false,
            "liked": false,
            "likes": 0,
            "rating": 0,
            "read_time": "1 min read",
            "slug": "how-to-become-a-god-xd0ctx6n",
            "tag_list": Array [
              "kwanj",
            ],
            "title": "how-to-become-a-god",
            "updated_at": "2019-02-28T10:15:29.020191Z",
          },
        },
      },
      "auth": Object {
        "isAuthenticated": true,
        "user": Object {
          "email": "kwanj@gmail.com",
          "username": "kwanj",
        },
      },
      "getArticles": [MockFunction],
      "history": Object {
        "push": [MockFunction],
      },
    },
    "ref": null,
    "rendered": null,
    "type": "articleDetail",
  },
  Symbol(enzyme.__nodes__): Array [
    Object {
      "instance": null,
      "key": undefined,
      "nodeType": "host",
      "props": Object {
        "article": Object {
          "article": Object {
            "article": Object {
              "author": Object {
                "bio": null,
                "following": null,
                "image": "https://res.cloudinary.com/dadrqjrpw/image/upload/v1550732215/tzpffmzpmsy3lmijpauf.jpg",
                "username": "kwanj",
              },
              "body": "<p>sbsdbb</p>",
              "created_at": "2019-02-28T10:04:42.687397Z",
              "description": "First article from the frontens #theunsullied",
              "disliked": false,
              "dislikes": 0,
              "id": 6,
              "is_reported": false,
              "liked": false,
              "likes": 0,
              "rating": 0,
              "read_time": "1 min read",
              "slug": "how-to-become-a-god-xd0ctx6n",
              "tag_list": Array [
                "kwanj",
              ],
              "title": "how-to-become-a-god",
              "updated_at": "2019-02-28T10:15:29.020191Z",
            },
          },
        },
        "auth": Object {
          "isAuthenticated": true,
          "user": Object {
            "email": "kwanj@gmail.com",
            "username": "kwanj",
          },
        },
        "getArticles": [MockFunction],
        "history": Object {
          "push": [MockFunction],
        },
      },
      "ref": null,
      "rendered": null,
      "type": "articleDetail",
    },
  ],
  Symbol(enzyme.__options__): Object {
    "adapter": ReactSixteenAdapter {
      "options": Object {
        "enableComponentDidUpdateOnSetState": true,
        "legacyContextMode": "parent",
        "lifecycles": Object {
          "componentDidUpdate": Object {
            "onSetState": true,
          },
          "getChildContext": Object {
            "calledByRenderer": false,
          },
          "getDerivedStateFromProps": true,
          "getSnapshotBeforeUpdate": true,
          "setState": Object {
            "skipsComponentDidUpdateOnNullish": true,
          },
        },
      },
    },
  },
}
`;
